../Core/Src/main.c:139:13:fmt_coord	48	static
../Core/Src/main.c:155:6:Console_RxBytes	24	static
../Core/Src/main.c:172:13:con_print	16	static
../Core/Src/main.c:180:13:I2C4_Scan	56	static
../Core/Src/main.c:199:20:exec_cmd	24	static
../Core/Src/main.c:258:13:Console_Poll	152	static
../Core/Src/main.c:311:13:GroundStation_Task	344	static
../Core/Src/main.c:336:5:main	1152	static
../Core/Src/main.c:802:6:SystemClock_Config	120	static
../Core/Src/main.c:863:13:MX_ADC3_Init	40	static
../Core/Src/main.c:927:13:MX_I2C1_Init	8	static
../Core/Src/main.c:975:13:MX_I2C4_Init	8	static
../Core/Src/main.c:1023:13:MX_SPI1_Init	8	static
../Core/Src/main.c:1071:13:MX_SPI2_Init	8	static
../Core/Src/main.c:1119:13:MX_SPI4_Init	8	static
../Core/Src/main.c:1175:13:MX_UART7_Init	8	static
../Core/Src/main.c:1229:13:MX_GPIO_Init	48	static
../Core/Src/main.c:1298:6:MPU_Config	24	static
../Core/Src/main.c:1329:6:Error_Handler	4	static,ignoring_inline_asm
