../Core/Src/sch16t.c:63:24:SPI48_INT32	16	static
../Core/Src/sch16t.c:64:24:SPI48_UINT16	16	static
../Core/Src/sch16t.c:69:16:sch_crc8	48	static
../Core/Src/sch16t.c:86:17:build_read	72	static
../Core/Src/sch16t.c:94:17:build_write_base	48	static
../Core/Src/sch16t.c:100:17:finalise_write	40	static
../Core/Src/sch16t.c:110:17:sch_transfer	104	static
../Core/Src/sch16t.c:128:13:check_frame_errors	24	static
../Core/Src/sch16t.c:138:13:valid_rate_filter	16	static
../Core/Src/sch16t.c:141:13:valid_acc_filter	16	static
../Core/Src/sch16t.c:144:13:valid_rate_sens	16	static
../Core/Src/sch16t.c:151:13:valid_acc_sens	16	static
../Core/Src/sch16t.c:154:13:valid_decimation	16	static
../Core/Src/sch16t.c:160:17:rate_filter_bits	16	static
../Core/Src/sch16t.c:174:17:acc_filter_bits	16	static
../Core/Src/sch16t.c:188:17:rate_sens_bits	16	static
../Core/Src/sch16t.c:196:17:acc_sens_bits	16	static
../Core/Src/sch16t.c:207:17:decimation_bits	16	static
../Core/Src/sch16t.c:222:12:set_filters	224	static
../Core/Src/sch16t.c:257:12:set_rate_sens_dec	104	static
../Core/Src/sch16t.c:284:12:set_acc_sens_dec	168	static
../Core/Src/sch16t.c:320:12:enable_meas	64	static
../Core/Src/sch16t.c:337:12:set_dry	136	static
../Core/Src/sch16t.c:368:6:SCH16T_Reset	16	static
../Core/Src/sch16t.c:376:6:SCH16T_SPIReset	16	static
../Core/Src/sch16t.c:381:5:SCH16T_GetStatus	16	static
../Core/Src/sch16t.c:402:6:SCH16T_VerifyStatus	16	static
../Core/Src/sch16t.c:417:5:SCH16T_Begin	64	static
../Core/Src/sch16t.c:464:6:SCH16T_GetData	128	static
../Core/Src/sch16t.c:487:6:SCH16T_GetDataDecimated	128	static
../Core/Src/sch16t.c:510:6:SCH16T_GetDataAux	80	static
../Core/Src/sch16t.c:527:6:SCH16T_ConvertData	32	static
../Core/Src/sch16t.c:540:6:SCH16T_ConvertDataDecimated	32	static
../Core/Src/sch16t.c:553:6:SCH16T_ConvertDataAux	32	static
